D:\OMS_Order_Management_System\backend\OMS_backend\src\main\java\OMS_backend\config\AdminInitializer.java
D:\OMS_Order_Management_System\backend\OMS_backend\src\main\java\OMS_backend\config\SecurityConfig.java
D:\OMS_Order_Management_System\backend\OMS_backend\src\main\java\OMS_backend\config\SwaggerConfig.java
D:\OMS_Order_Management_System\backend\OMS_backend\src\main\java\OMS_backend\controller\AuthController.java
D:\OMS_Order_Management_System\backend\OMS_backend\src\main\java\OMS_backend\controller\BOMController.java
D:\OMS_Order_Management_System\backend\OMS_backend\src\main\java\OMS_backend\controller\CustomerController.java
D:\OMS_Order_Management_System\backend\OMS_backend\src\main\java\OMS_backend\controller\DashboardController.java
D:\OMS_Order_Management_System\backend\OMS_backend\src\main\java\OMS_backend\controller\InvoiceController.java
D:\OMS_Order_Management_System\backend\OMS_backend\src\main\java\OMS_backend\controller\OrderController.java
D:\OMS_Order_Management_System\backend\OMS_backend\src\main\java\OMS_backend\controller\PaymentController.java
D:\OMS_Order_Management_System\backend\OMS_backend\src\main\java\OMS_backend\controller\ProductController.java
D:\OMS_Order_Management_System\backend\OMS_backend\src\main\java\OMS_backend\controller\PurchaseOrderController.java
D:\OMS_Order_Management_System\backend\OMS_backend\src\main\java\OMS_backend\controller\ReportController.java
D:\OMS_Order_Management_System\backend\OMS_backend\src\main\java\OMS_backend\controller\SupplierController.java
D:\OMS_Order_Management_System\backend\OMS_backend\src\main\java\OMS_backend\controller\UserController.java
D:\OMS_Order_Management_System\backend\OMS_backend\src\main\java\OMS_backend\dto\request\BOMRequest.java
D:\OMS_Order_Management_System\backend\OMS_backend\src\main\java\OMS_backend\dto\request\CreateInvoiceRequest.java
D:\OMS_Order_Management_System\backend\OMS_backend\src\main\java\OMS_backend\dto\request\CreateOrderRequest.java
D:\OMS_Order_Management_System\backend\OMS_backend\src\main\java\OMS_backend\dto\request\CreatePurchaseOrderRequest.java
D:\OMS_Order_Management_System\backend\OMS_backend\src\main\java\OMS_backend\dto\request\CreateUserRequest.java
D:\OMS_Order_Management_System\backend\OMS_backend\src\main\java\OMS_backend\dto\request\CustomerRequest.java
D:\OMS_Order_Management_System\backend\OMS_backend\src\main\java\OMS_backend\dto\request\ForgotPasswordRequest.java
D:\OMS_Order_Management_System\backend\OMS_backend\src\main\java\OMS_backend\dto\request\LoginRequest.java
D:\OMS_Order_Management_System\backend\OMS_backend\src\main\java\OMS_backend\dto\request\OrderItemRequest.java
D:\OMS_Order_Management_System\backend\OMS_backend\src\main\java\OMS_backend\dto\request\PurchaseOrderItemRequest.java
D:\OMS_Order_Management_System\backend\OMS_backend\src\main\java\OMS_backend\dto\request\RecordPaymentRequest.java
D:\OMS_Order_Management_System\backend\OMS_backend\src\main\java\OMS_backend\dto\request\RegisterRequest.java
D:\OMS_Order_Management_System\backend\OMS_backend\src\main\java\OMS_backend\dto\request\ResetPasswordWithOtpRequest.java
D:\OMS_Order_Management_System\backend\OMS_backend\src\main\java\OMS_backend\dto\request\SetPasswordRequest.java
D:\OMS_Order_Management_System\backend\OMS_backend\src\main\java\OMS_backend\dto\request\SupplierRequest.java
D:\OMS_Order_Management_System\backend\OMS_backend\src\main\java\OMS_backend\dto\request\UpdateUserRequest.java
D:\OMS_Order_Management_System\backend\OMS_backend\src\main\java\OMS_backend\dto\response\AuthResponse.java
D:\OMS_Order_Management_System\backend\OMS_backend\src\main\java\OMS_backend\dto\response\BOMResponse.java
D:\OMS_Order_Management_System\backend\OMS_backend\src\main\java\OMS_backend\dto\response\CustomerOrderReport.java
D:\OMS_Order_Management_System\backend\OMS_backend\src\main\java\OMS_backend\dto\response\CustomerResponse.java
D:\OMS_Order_Management_System\backend\OMS_backend\src\main\java\OMS_backend\dto\response\DashboardSummaryResponse.java
D:\OMS_Order_Management_System\backend\OMS_backend\src\main\java\OMS_backend\dto\response\ErrorResponse.java
D:\OMS_Order_Management_System\backend\OMS_backend\src\main\java\OMS_backend\dto\response\InvoiceResponse.java
D:\OMS_Order_Management_System\backend\OMS_backend\src\main\java\OMS_backend\dto\response\LowStockReport.java
D:\OMS_Order_Management_System\backend\OMS_backend\src\main\java\OMS_backend\dto\response\MonthlyOrderDto.java
D:\OMS_Order_Management_System\backend\OMS_backend\src\main\java\OMS_backend\dto\response\MonthlyOrderTrendReport.java
D:\OMS_Order_Management_System\backend\OMS_backend\src\main\java\OMS_backend\dto\response\MonthlyPaymentTrendReport.java
D:\OMS_Order_Management_System\backend\OMS_backend\src\main\java\OMS_backend\dto\response\OrderItemResponse.java
D:\OMS_Order_Management_System\backend\OMS_backend\src\main\java\OMS_backend\dto\response\OrderResponse.java
D:\OMS_Order_Management_System\backend\OMS_backend\src\main\java\OMS_backend\dto\response\OrderSummaryReport.java
D:\OMS_Order_Management_System\backend\OMS_backend\src\main\java\OMS_backend\dto\response\PaymentResponse.java
D:\OMS_Order_Management_System\backend\OMS_backend\src\main\java\OMS_backend\dto\response\PaymentSummaryReport.java
D:\OMS_Order_Management_System\backend\OMS_backend\src\main\java\OMS_backend\dto\response\PurchaseOrderItemResponse.java
D:\OMS_Order_Management_System\backend\OMS_backend\src\main\java\OMS_backend\dto\response\PurchaseOrderResponse.java
D:\OMS_Order_Management_System\backend\OMS_backend\src\main\java\OMS_backend\dto\response\RevenueReport.java
D:\OMS_Order_Management_System\backend\OMS_backend\src\main\java\OMS_backend\dto\response\SupplierResponse.java
D:\OMS_Order_Management_System\backend\OMS_backend\src\main\java\OMS_backend\dto\response\UserResponse.java
D:\OMS_Order_Management_System\backend\OMS_backend\src\main\java\OMS_backend\exception\BadRequestException.java
D:\OMS_Order_Management_System\backend\OMS_backend\src\main\java\OMS_backend\exception\DuplicateResourceException.java
D:\OMS_Order_Management_System\backend\OMS_backend\src\main\java\OMS_backend\exception\GlobalExceptionHandler.java
D:\OMS_Order_Management_System\backend\OMS_backend\src\main\java\OMS_backend\exception\ResourceNotFoundException.java
D:\OMS_Order_Management_System\backend\OMS_backend\src\main\java\OMS_backend\model\Customer.java
D:\OMS_Order_Management_System\backend\OMS_backend\src\main\java\OMS_backend\model\Invoice.java
D:\OMS_Order_Management_System\backend\OMS_backend\src\main\java\OMS_backend\model\InvoiceStatus.java
D:\OMS_Order_Management_System\backend\OMS_backend\src\main\java\OMS_backend\model\OrderStatus.java
D:\OMS_Order_Management_System\backend\OMS_backend\src\main\java\OMS_backend\model\PasswordResetToken.java
D:\OMS_Order_Management_System\backend\OMS_backend\src\main\java\OMS_backend\model\Payment.java
D:\OMS_Order_Management_System\backend\OMS_backend\src\main\java\OMS_backend\model\PaymentMethod.java
D:\OMS_Order_Management_System\backend\OMS_backend\src\main\java\OMS_backend\model\Product.java
D:\OMS_Order_Management_System\backend\OMS_backend\src\main\java\OMS_backend\model\ProductBOM.java
D:\OMS_Order_Management_System\backend\OMS_backend\src\main\java\OMS_backend\model\PurchaseOrder.java
D:\OMS_Order_Management_System\backend\OMS_backend\src\main\java\OMS_backend\model\PurchaseOrderItem.java
D:\OMS_Order_Management_System\backend\OMS_backend\src\main\java\OMS_backend\model\PurchaseOrderStatus.java
D:\OMS_Order_Management_System\backend\OMS_backend\src\main\java\OMS_backend\model\Role.java
D:\OMS_Order_Management_System\backend\OMS_backend\src\main\java\OMS_backend\model\SalesOrder.java
D:\OMS_Order_Management_System\backend\OMS_backend\src\main\java\OMS_backend\model\SalesOrderItem.java
D:\OMS_Order_Management_System\backend\OMS_backend\src\main\java\OMS_backend\model\Supplier.java
D:\OMS_Order_Management_System\backend\OMS_backend\src\main\java\OMS_backend\model\User.java
D:\OMS_Order_Management_System\backend\OMS_backend\src\main\java\OMS_backend\OmsBackendApplication.java
D:\OMS_Order_Management_System\backend\OMS_backend\src\main\java\OMS_backend\repository\CustomerRepository.java
D:\OMS_Order_Management_System\backend\OMS_backend\src\main\java\OMS_backend\repository\InvoiceRepository.java
D:\OMS_Order_Management_System\backend\OMS_backend\src\main\java\OMS_backend\repository\PasswordResetTokenRepository.java
D:\OMS_Order_Management_System\backend\OMS_backend\src\main\java\OMS_backend\repository\PaymentRepository.java
D:\OMS_Order_Management_System\backend\OMS_backend\src\main\java\OMS_backend\repository\ProductBOMRepository.java
D:\OMS_Order_Management_System\backend\OMS_backend\src\main\java\OMS_backend\repository\ProductRepository.java
D:\OMS_Order_Management_System\backend\OMS_backend\src\main\java\OMS_backend\repository\PurchaseOrderRepository.java
D:\OMS_Order_Management_System\backend\OMS_backend\src\main\java\OMS_backend\repository\SalesOrderRepository.java
D:\OMS_Order_Management_System\backend\OMS_backend\src\main\java\OMS_backend\repository\SupplierRepository.java
D:\OMS_Order_Management_System\backend\OMS_backend\src\main\java\OMS_backend\repository\UserRepository.java
D:\OMS_Order_Management_System\backend\OMS_backend\src\main\java\OMS_backend\security\JwtAuthFilter.java
D:\OMS_Order_Management_System\backend\OMS_backend\src\main\java\OMS_backend\security\JwtUtil.java
D:\OMS_Order_Management_System\backend\OMS_backend\src\main\java\OMS_backend\service\BOMService.java
D:\OMS_Order_Management_System\backend\OMS_backend\src\main\java\OMS_backend\service\CustomUserDetailsService.java
D:\OMS_Order_Management_System\backend\OMS_backend\src\main\java\OMS_backend\service\DashboardService.java
D:\OMS_Order_Management_System\backend\OMS_backend\src\main\java\OMS_backend\service\EmailService.java
D:\OMS_Order_Management_System\backend\OMS_backend\src\main\java\OMS_backend\service\InvoiceService.java
D:\OMS_Order_Management_System\backend\OMS_backend\src\main\java\OMS_backend\service\OrderService.java
D:\OMS_Order_Management_System\backend\OMS_backend\src\main\java\OMS_backend\service\ProductService.java
D:\OMS_Order_Management_System\backend\OMS_backend\src\main\java\OMS_backend\service\PurchaseOrderService.java
D:\OMS_Order_Management_System\backend\OMS_backend\src\main\java\OMS_backend\service\ReportService.java
D:\OMS_Order_Management_System\backend\OMS_backend\src\main\java\OMS_backend\service\UserService.java
