OMS_backend\dto\request\SetPasswordRequest.class
OMS_backend\dto\request\ForgotPasswordRequest.class
OMS_backend\model\Customer.class
OMS_backend\dto\response\CustomerResponse.class
OMS_backend\dto\response\SupplierResponse.class
OMS_backend\model\SalesOrderItem.class
OMS_backend\model\Notification.class
OMS_backend\dto\response\OrderResponse.class
OMS_backend\repository\InvoiceRepository.class
OMS_backend\model\Payment.class
OMS_backend\dto\response\AuthResponse.class
OMS_backend\security\JwtAuthFilter.class
OMS_backend\service\OrderService.class
OMS_backend\service\ReportService.class
OMS_backend\dto\response\PurchaseOrderItemResponse.class
OMS_backend\service\InvoiceService.class
OMS_backend\dto\request\BOMRequest.class
OMS_backend\dto\response\NotificationResponse.class
OMS_backend\dto\response\RevenueReport.class
OMS_backend\dto\request\SupplierRequest.class
OMS_backend\service\UserService.class
OMS_backend\service\InventoryNotificationService.class
OMS_backend\model\SalesOrder.class
OMS_backend\dto\response\LowStockReport.class
OMS_backend\dto\request\OrderItemRequest.class
OMS_backend\service\NotificationService.class
OMS_backend\dto\request\CreatePurchaseOrderRequest.class
OMS_backend\model\Product.class
OMS_backend\controller\OrderController.class
OMS_backend\model\PurchaseOrder.class
OMS_backend\repository\UserRepository.class
OMS_backend\config\AdminInitializer.class
OMS_backend\dto\request\CreateInvoiceRequest.class
OMS_backend\dto\request\RecordPaymentRequest.class
OMS_backend\security\JwtUtil.class
OMS_backend\dto\response\UserResponse.class
OMS_backend\model\PurchaseOrderItem.class
OMS_backend\dto\response\OrderItemResponse.class
OMS_backend\repository\CustomerRepository.class
OMS_backend\repository\PaymentRepository.class
OMS_backend\exception\ResourceNotFoundException.class
OMS_backend\model\Invoice.class
OMS_backend\controller\SupplierController.class
OMS_backend\repository\PurchaseOrderRepository.class
OMS_backend\exception\GlobalExceptionHandler.class
OMS_backend\controller\UserController.class
OMS_backend\dto\response\PaymentResponse.class
OMS_backend\model\PasswordResetToken.class
OMS_backend\controller\PaymentController.class
OMS_backend\repository\ProductBOMRepository.class
OMS_backend\dto\request\RegisterRequest.class
OMS_backend\repository\NotificationRepository.class
OMS_backend\model\Role.class
OMS_backend\controller\CustomerController.class
OMS_backend\dto\response\InvoiceResponse.class
OMS_backend\dto\request\CreateUserRequest.class
OMS_backend\model\PurchaseOrderStatus.class
OMS_backend\dto\request\LoginRequest.class
OMS_backend\dto\request\UpdateUserRequest.class
OMS_backend\exception\BadRequestException.class
OMS_backend\controller\DashboardController.class
OMS_backend\repository\ProductRepository.class
OMS_backend\service\BOMService.class
OMS_backend\model\PaymentMethod.class
OMS_backend\config\SecurityConfig.class
OMS_backend\config\SwaggerConfig.class
OMS_backend\dto\request\CustomerRequest.class
OMS_backend\service\DashboardService.class
OMS_backend\repository\PasswordResetTokenRepository.class
OMS_backend\repository\SalesOrderRepository.class
OMS_backend\controller\PurchaseOrderController.class
OMS_backend\service\PurchaseOrderService.class
OMS_backend\model\ProductBOM.class
OMS_backend\dto\response\OrderSummaryReport.class
OMS_backend\controller\ReportController.class
OMS_backend\dto\response\PaymentSummaryReport.class
OMS_backend\repository\SupplierRepository.class
OMS_backend\dto\request\CreateOrderRequest.class
OMS_backend\dto\request\PurchaseOrderItemRequest.class
OMS_backend\dto\response\DashboardSummaryResponse.class
OMS_backend\model\InvoiceStatus.class
OMS_backend\service\ProductService.class
OMS_backend\controller\BOMController.class
OMS_backend\service\EmailService.class
OMS_backend\model\OrderStatus.class
OMS_backend\dto\response\MonthlyOrderTrendReport.class
OMS_backend\dto\response\MonthlyOrderDto.class
OMS_backend\service\CustomUserDetailsService.class
OMS_backend\model\User.class
OMS_backend\dto\request\ResetPasswordWithOtpRequest.class
OMS_backend\dto\response\PurchaseOrderResponse.class
OMS_backend\controller\NotificationController.class
OMS_backend\model\Supplier.class
OMS_backend\dto\response\BOMResponse.class
OMS_backend\OmsBackendApplication.class
OMS_backend\dto\response\ErrorResponse.class
OMS_backend\exception\DuplicateResourceException.class
OMS_backend\dto\response\MonthlyPaymentTrendReport.class
OMS_backend\controller\InvoiceController.class
OMS_backend\controller\AuthController.class
OMS_backend\dto\response\CustomerOrderReport.class
OMS_backend\controller\ProductController.class
